i-01625c58f5232f347 | Age: 49m | CPU: 2.3945% | Flagged: True
